Running build hooks...Running build hooks...
=== Workload Z: Noop Baseline (SELECT 1) ===
20000 samples collected.
  select         count=10000 min=2μs p50=6μs p90=12μs p99=52μs max=3250μs
  execute        count=10000 min=6μs p50=9μs p90=17μs p99=71μs max=2693μs
  → reader dispatch floor ≈ 6 μs / round-trip
  → writer dispatch floor ≈ 9 μs / round-trip

=== Workload A: Single Inserts (100 sequential) ===
10000 samples collected.
  execute        count=10000 min=12μs p50=16μs p90=23μs p99=130μs max=6188μs

=== Workload B: Point Queries (500 hot-loop) ===
50000 samples collected.
  select         count=50000 min=4μs p50=6μs p90=9μs p99=18μs max=191μs

=== Workload C: Merge Rounds (10 × 100 rows) ===
1000 samples collected.
  executeBatch   count=1000 min=89μs p50=106μs p90=119μs p99=214μs max=814μs

Results written to: benchmark/profile/results/dispatch_budget_2026-04-23T19-20-49.json

For the cross-isolate breakdown, rerun under
  dart --observe --profile-period=100 \
    -DRESQLITE_PROFILE=true benchmark/profile/dispatch_budget.dart
and capture the timeline in DevTools Performance tab. Look for
`writer.handle.*` and `reader.handle.*` spans.

To diff this against another run:
  dart run benchmark/profile/diff.dart <baseline.json> benchmark/profile/results/dispatch_budget_2026-04-23T19-20-49.json
